// Jest Snapshot v1, https://goo.gl/fbAQLP

exports[`Content.vue matches snapshot 1`] = `<div role="main" class="Content"></div>`;
